// Jest Snapshot v1, https://jestjs.io/docs/snapshot-testing

exports[`Pruebas en GifItem.tsx debe hacer match con el snapshot  1`] = `
<div>
  <div
    aria-label="Copiar link"
    class="card"
    data-mui-internal-clone-element="true"
  >
    <img
      alt="Saitama"
      src="https://one-punch.com/saitama.jpg"
    />
    <p>
      Saitama
    </p>
  </div>
</div>
`;
